// Jest Snapshot v1, https://goo.gl/fbAQLP

exports[`should render correctly 1`] = `
<div
  className="image-list__item"
>
  <img
    alt=""
    onClick={[Function]}
    src="https://source.unsplash.com/random/300x500"
  />
</div>
`;
